// Jest Snapshot v1, https://goo.gl/fbAQLP

exports[`Pruebas en <PrimeraApp/> debe de mostar <PrimeraApp/> correctamente" 1`] = `
<Fragment>
  <h1>
    Hola mundo !!
  </h1>
  <h2 />
  <h3>
    Soy un subtitulo
  </h3>
</Fragment>
`;
